// Jest Snapshot v1, https://goo.gl/fbAQLP

exports[`MyComponent should render correctly in "debug" mode 1`] = `
<div>
  <h1
    data-testid="topic"
  >
    Hello React App !!
  </h1>
  <img
    src="test-file-stub"
  />
  <Main
    text="Hello high water"
  />
</div>
`;
